// Jest Snapshot v1, https://goo.gl/fbAQLP

exports[`Profile 0 requestMachineInfo 1`] = `
"<mos>
  <ncsID>their.mos.id</ncsID>
  <mosID>our.mos.id</mosID>
  <messageID>xx</messageID>
  <reqMachInfo/>
</mos>"
`;

exports[`Profile 0 requestMachineInfo 2`] = `
Object {
  "DOM": undefined,
  "ID": MosString128 {
    "_str": "airchache.newscenter.com",
    "strict": true,
  },
  "SN": MosString128 {
    "_str": "927748927",
    "strict": true,
  },
  "defaultActiveX": undefined,
  "hwRev": MosString128 {
    "_str": "",
    "strict": true,
  },
  "manufacturer": MosString128 {
    "_str": "RadioVision, Ltd.",
    "strict": true,
  },
  "model": MosString128 {
    "_str": "TCS6000",
    "strict": true,
  },
  "mosExternalMetaData": undefined,
  "mosRev": MosString128 {
    "_str": "2.8.2",
    "strict": true,
  },
  "opTime": MosTime {
    "_time": 2009-03-01T23:55:10.000Z,
    "_timezone": "Z",
    "_timezoneDeclaration": "",
    "_timezoneZuluIndicator": "Z",
  },
  "supportedProfiles": Object {
    "deviceType": "NCS",
    "profile0": true,
    "profile1": true,
    "profile2": true,
    "profile3": true,
    "profile4": true,
    "profile5": true,
    "profile6": true,
    "profile7": true,
  },
  "swRev": MosString128 {
    "_str": "2.1.0.37",
    "strict": true,
  },
  "time": MosTime {
    "_time": 2009-04-11T17:20:42.000Z,
    "_timezone": "Z",
    "_timezoneDeclaration": "",
    "_timezoneZuluIndicator": "Z",
  },
}
`;
